source.tar.gz: OK
verified source files: 366
test "$(/home/ubuntu/workspace/ani-network-service-runs/net05a-20260910T051021Z-2311f90f/source/.tools/bin/buf --version)" = "1.60.0"
test "$(go version -m /home/ubuntu/workspace/ani-network-service-runs/net05a-20260910T051021Z-2311f90f/source/.tools/bin/buf | awk '$1 == "mod" {print $2 "@" $3; exit}')" = "github.com/bufbuild/buf@v1.60.0"
/home/ubuntu/workspace/ani-network-service-runs/net05a-20260910T051021Z-2311f90f/source/.tools/bin/buf lint
/home/ubuntu/workspace/ani-network-service-runs/net05a-20260910T051021Z-2311f90f/source/.tools/bin/buf build
/home/ubuntu/workspace/ani-network-service-runs/net05a-20260910T051021Z-2311f90f/source/.tools/bin/buf generate --template buf.gen.yaml
test "$(/home/ubuntu/workspace/ani-network-service-runs/net05a-20260910T051021Z-2311f90f/source/.tools/bin/sqlc version)" = "v1.31.1"
test "$(go version -m /home/ubuntu/workspace/ani-network-service-runs/net05a-20260910T051021Z-2311f90f/source/.tools/bin/sqlc | awk '$1 == "mod" {print $2 "@" $3; exit}')" = "github.com/sqlc-dev/sqlc@v1.31.1"
/home/ubuntu/workspace/ani-network-service-runs/net05a-20260910T051021Z-2311f90f/source/.tools/bin/sqlc generate
go generate ./...
find . -type f -name '*.go' -not -path './.git/*' -not -path './.tools/*' -not -path './.work/*' -not -path './.tmp/*' -print0 | xargs -0 --no-run-if-empty gofmt -w
ok  	github.com/zhangzhe-ctrl/ani-network-service/internal/biz	0.005s
# github.com/zhangzhe-ctrl/ani-network-service/internal/data
internal/data/kc_observation.go:13:2: "github.com/zhangzhe-ctrl/ani-network-service/internal/biz" imported and not used
internal/data/kc_observation.go:305:76: cannot use o.provider.repository.placement.ClusterID (variable of type string) as sqlcgen.ObservationResourcesParams value in argument to o.provider.repository.queries.ObservationResources
internal/data/kc_observation.go:309:80: cannot use o.provider.repository.placement.ClusterID (variable of type string) as sqlcgen.ObservationAttachmentsParams value in argument to o.provider.repository.queries.ObservationAttachments
internal/data/kc_observation.go:329:29: obj.String undefined (type *unstructured.Unstructured has no field or method String)
ok  	github.com/zhangzhe-ctrl/ani-network-service/internal/server	2.015s
FAIL	github.com/zhangzhe-ctrl/ani-network-service/internal/conf/v1 [build failed]
FAIL
REMOTE_COMMAND_EXIT=1
