test "$(/home/ubuntu/workspace/ani-network-service-runs/net05a-20260910T052121Z-3dd0eda0/source/.tools/bin/buf --version)" = "1.60.0"
test "$(go version -m /home/ubuntu/workspace/ani-network-service-runs/net05a-20260910T052121Z-3dd0eda0/source/.tools/bin/buf | awk '$1 == "mod" {print $2 "@" $3; exit}')" = "github.com/bufbuild/buf@v1.60.0"
/home/ubuntu/workspace/ani-network-service-runs/net05a-20260910T052121Z-3dd0eda0/source/.tools/bin/buf lint
/home/ubuntu/workspace/ani-network-service-runs/net05a-20260910T052121Z-3dd0eda0/source/.tools/bin/buf build
/home/ubuntu/workspace/ani-network-service-runs/net05a-20260910T052121Z-3dd0eda0/source/.tools/bin/buf generate --template buf.gen.yaml
test "$(/home/ubuntu/workspace/ani-network-service-runs/net05a-20260910T052121Z-3dd0eda0/source/.tools/bin/sqlc version)" = "v1.31.1"
test "$(go version -m /home/ubuntu/workspace/ani-network-service-runs/net05a-20260910T052121Z-3dd0eda0/source/.tools/bin/sqlc | awk '$1 == "mod" {print $2 "@" $3; exit}')" = "github.com/sqlc-dev/sqlc@v1.31.1"
/home/ubuntu/workspace/ani-network-service-runs/net05a-20260910T052121Z-3dd0eda0/source/.tools/bin/sqlc generate
go generate ./...
find . -type f -name '*.go' -not -path './.git/*' -not -path './.tools/*' -not -path './.work/*' -not -path './.tmp/*' -print0 | xargs -0 --no-run-if-empty gofmt -w
ok  	github.com/zhangzhe-ctrl/ani-network-service/internal/biz	0.003s
ok  	github.com/zhangzhe-ctrl/ani-network-service/internal/server	2.027s
ok  	github.com/zhangzhe-ctrl/ani-network-service/internal/conf/v1	0.009s
127.0.0.1:5432 - accepting connections
PostgreSQL image=docker.io/library/postgres@sha256:4ef4dbc939d61acea57712655ddb4b4ab27419c913f94cca0cd57cb3ea3c2280 container=e6d6ec304fdc0032c25e80aa26d5cc628e3f4161e72475c881262dae63c45af0
I0910 13:21:46.751153   27302 reflector.go:664] "Warning: watch ended with error" reflector="pkg/mod/k8s.io/client-go@v0.36.0/tools/cache/reflector.go:343" type="*unstructured.Unstructured" err="very short watch: pkg/mod/k8s.io/client-go@v0.36.0/tools/cache/reflector.go:343: Unexpected watch close - watch lasted less than a second and no items received"
I0910 13:21:46.751156   27302 reflector.go:664] "Warning: watch ended with error" reflector="pkg/mod/k8s.io/client-go@v0.36.0/tools/cache/reflector.go:343" type="*unstructured.Unstructured" err="very short watch: pkg/mod/k8s.io/client-go@v0.36.0/tools/cache/reflector.go:343: Unexpected watch close - watch lasted less than a second and no items received"
I0910 13:21:46.751216   27302 reflector.go:664] "Warning: watch ended with error" reflector="pkg/mod/k8s.io/client-go@v0.36.0/tools/cache/reflector.go:343" type="*unstructured.Unstructured" err="very short watch: pkg/mod/k8s.io/client-go@v0.36.0/tools/cache/reflector.go:343: Unexpected watch close - watch lasted less than a second and no items received"
I0910 13:21:46.751260   27302 reflector.go:664] "Warning: watch ended with error" reflector="pkg/mod/k8s.io/client-go@v0.36.0/tools/cache/reflector.go:343" type="*unstructured.Unstructured" err="very short watch: pkg/mod/k8s.io/client-go@v0.36.0/tools/cache/reflector.go:343: Unexpected watch close - watch lasted less than a second and no items received"
I0910 13:21:46.751282   27302 reflector.go:664] "Warning: watch ended with error" reflector="pkg/mod/k8s.io/client-go@v0.36.0/tools/cache/reflector.go:343" type="*unstructured.Unstructured" err="very short watch: pkg/mod/k8s.io/client-go@v0.36.0/tools/cache/reflector.go:343: Unexpected watch close - watch lasted less than a second and no items received"
--- FAIL: TestNET05AOldPaginatedListCannotOverwriteNewWatchFact (5.45s)
    kc_observation_integration_test.go:274: NET05A condition did not converge
FAIL
FAIL	github.com/zhangzhe-ctrl/ani-network-service/internal/data	13.526s
FAIL
removed task container=e6d6ec304fdc0032c25e80aa26d5cc628e3f4161e72475c881262dae63c45af0
