source.tar.gz: OK
verified source files: 369
test "$(/home/ubuntu/workspace/ani-network-service-runs/net05a-20260910T051340Z-1b5f0403/source/.tools/bin/buf --version)" = "1.60.0"
test "$(go version -m /home/ubuntu/workspace/ani-network-service-runs/net05a-20260910T051340Z-1b5f0403/source/.tools/bin/buf | awk '$1 == "mod" {print $2 "@" $3; exit}')" = "github.com/bufbuild/buf@v1.60.0"
/home/ubuntu/workspace/ani-network-service-runs/net05a-20260910T051340Z-1b5f0403/source/.tools/bin/buf lint
/home/ubuntu/workspace/ani-network-service-runs/net05a-20260910T051340Z-1b5f0403/source/.tools/bin/buf build
/home/ubuntu/workspace/ani-network-service-runs/net05a-20260910T051340Z-1b5f0403/source/.tools/bin/buf generate --template buf.gen.yaml
test "$(/home/ubuntu/workspace/ani-network-service-runs/net05a-20260910T051340Z-1b5f0403/source/.tools/bin/sqlc version)" = "v1.31.1"
test "$(go version -m /home/ubuntu/workspace/ani-network-service-runs/net05a-20260910T051340Z-1b5f0403/source/.tools/bin/sqlc | awk '$1 == "mod" {print $2 "@" $3; exit}')" = "github.com/sqlc-dev/sqlc@v1.31.1"
/home/ubuntu/workspace/ani-network-service-runs/net05a-20260910T051340Z-1b5f0403/source/.tools/bin/sqlc generate
go generate ./...
find . -type f -name '*.go' -not -path './.git/*' -not -path './.tools/*' -not -path './.work/*' -not -path './.tmp/*' -print0 | xargs -0 --no-run-if-empty gofmt -w
ok  	github.com/zhangzhe-ctrl/ani-network-service/internal/biz	0.006s
ok  	github.com/zhangzhe-ctrl/ani-network-service/internal/server	2.013s
ok  	github.com/zhangzhe-ctrl/ani-network-service/internal/conf/v1	0.008s
127.0.0.1:5432 - accepting connections
PostgreSQL image=docker.io/library/postgres@sha256:4ef4dbc939d61acea57712655ddb4b4ab27419c913f94cca0cd57cb3ea3c2280 container=71dbb0856771ae396993a93d3c132567fc15555dbad83f1579829b3e4aabed05
--- FAIL: TestNET05AWatchStatusReconnectAndUnappliedEvidence (3.16s)
    kc_observation_integration_test.go:61: NET05A condition did not converge
--- FAIL: TestNET05AInitialForbiddenThrottledWatchDoesNotInventFreshness (16.30s)
    --- FAIL: TestNET05AInitialForbiddenThrottledWatchDoesNotInventFreshness/Ɠ (8.15s)
        kc_observation_integration_test.go:140: NET05A condition did not converge
    --- FAIL: TestNET05AInitialForbiddenThrottledWatchDoesNotInventFreshness/ƭ (8.15s)
        kc_observation_integration_test.go:140: NET05A condition did not converge
FAIL
FAIL	github.com/zhangzhe-ctrl/ani-network-service/internal/data	21.213s
FAIL
removed task container=71dbb0856771ae396993a93d3c132567fc15555dbad83f1579829b3e4aabed05
REMOTE_COMMAND_EXIT=1
