/home/ubuntu/workspace/ani-network-service-runs/net05a-20260910T085304Z-3a592e95/source/.tools/bin/govulncheck -version | grep --fixed-strings --line-regexp "Scanner: govulncheck@v1.7.0"
Scanner: govulncheck@v1.7.0
test "$(go version -m /home/ubuntu/workspace/ani-network-service-runs/net05a-20260910T085304Z-3a592e95/source/.tools/bin/govulncheck | awk '$1 == "mod" {print $2 "@" $3; exit}')" = "golang.org/x/vuln@v1.7.0"
/home/ubuntu/workspace/ani-network-service-runs/net05a-20260910T085304Z-3a592e95/source/.tools/bin/govulncheck -show version,verbose ./...
Go: go1.26.7
Scanner: govulncheck@v1.7.0
DB: https://vuln.go.dev
DB updated: 2026-09-09 17:56:34 +0000 UTC

Fetching vulnerabilities from the database...

Checking the code against the vulnerabilities...

The package pattern matched the following 15 root packages:
  github.com/zhangzhe-ctrl/ani-network-service/api/network/v1
  github.com/zhangzhe-ctrl/ani-network-service/internal/biz
  github.com/zhangzhe-ctrl/ani-network-service/internal/conf/v1
  github.com/zhangzhe-ctrl/ani-network-service/internal/data/sqlcgen
  github.com/zhangzhe-ctrl/ani-network-service/migrations
  github.com/zhangzhe-ctrl/ani-network-service/internal/data
  github.com/zhangzhe-ctrl/ani-network-service/internal/server
  github.com/zhangzhe-ctrl/ani-network-service/internal/service
  github.com/zhangzhe-ctrl/ani-network-service/cmd/ani-network-service
  github.com/zhangzhe-ctrl/ani-network-service/tests/net05
  github.com/zhangzhe-ctrl/ani-network-service/tests/net05/relay
  github.com/zhangzhe-ctrl/ani-network-service/tests/net05/rpc
  github.com/zhangzhe-ctrl/ani-network-service/tests/testenv
  github.com/zhangzhe-ctrl/ani-network-service/tests/net05a/provider
  github.com/zhangzhe-ctrl/ani-network-service/tests/runtime
Govulncheck scanned the following 61 modules and the go1.26.7 standard library:
  github.com/zhangzhe-ctrl/ani-network-service
  github.com/beorn7/perks@v1.0.1
  github.com/cespare/xxhash/v2@v2.3.0
  github.com/davecgh/go-spew@v1.1.2-0.20180830191138-d8f796af33cc
  github.com/fsnotify/fsnotify@v1.10.1
  github.com/fxamacker/cbor/v2@v2.9.0
  github.com/go-kratos/kratos/contrib/otel/v3@v3.0.0-20260515082355-1ddb58e407c5
  github.com/go-kratos/kratos/v3@v3.0.0
  github.com/go-logr/logr@v1.4.3
  github.com/go-logr/stdr@v1.2.2
  github.com/go-playground/form/v4@v4.3.0
  github.com/google/uuid@v1.6.0
  github.com/gorilla/mux@v1.8.1
  github.com/gorilla/websocket@v1.5.4-0.20250319132907-e064f32e3674
  github.com/jackc/pgpassfile@v1.0.0
  github.com/jackc/pgservicefile@v0.0.0-20240606120523-5a60cdf6a761
  github.com/jackc/pgx/v5@v5.10.0
  github.com/jackc/puddle/v2@v2.2.2
  github.com/json-iterator/go@v1.1.12
  github.com/modern-go/concurrent@v0.0.0-20180306012644-bacd9c7ef1dd
  github.com/modern-go/reflect2@v1.0.3-0.20250322232337-35a7c28c31ee
  github.com/munnerz/goautoneg@v0.0.0-20191010083416-a7dc8b61c822
  github.com/pmezard/go-difflib@v1.0.1-0.20181226105442-5d4384ee4fb2
  github.com/prometheus/client_golang@v1.24.1
  github.com/prometheus/client_model@v0.6.2
  github.com/prometheus/common@v0.70.1
  github.com/prometheus/otlptranslator@v1.0.0
  github.com/prometheus/procfs@v0.21.1
  github.com/spf13/pflag@v1.0.9
  github.com/x448/float16@v0.8.4
  go.opentelemetry.io/auto/sdk@v1.2.1
  go.opentelemetry.io/otel@v1.44.0
  go.opentelemetry.io/otel/exporters/prometheus@v0.66.0
  go.opentelemetry.io/otel/metric@v1.44.0
  go.opentelemetry.io/otel/sdk@v1.44.0
  go.opentelemetry.io/otel/sdk/metric@v1.44.0
  go.opentelemetry.io/otel/trace@v1.44.0
  go.uber.org/automaxprocs@v1.6.0
  go.yaml.in/yaml/v2@v2.4.4
  golang.org/x/net@v0.57.0
  golang.org/x/oauth2@v0.36.0
  golang.org/x/sync@v0.22.0
  golang.org/x/sys@v0.47.0
  golang.org/x/term@v0.45.0
  golang.org/x/text@v0.40.0
  golang.org/x/time@v0.14.0
  google.golang.org/genproto/googleapis/api@v0.0.0-20260511170946-3700d4141b60
  google.golang.org/genproto/googleapis/rpc@v0.0.0-20260511170946-3700d4141b60
  google.golang.org/grpc@v1.82.1
  google.golang.org/protobuf@v1.36.12-0.20260120151049-f2248ac996af
  gopkg.in/inf.v0@v0.9.1
  gopkg.in/yaml.v3@v3.0.1
  k8s.io/apimachinery@v0.36.0
  k8s.io/client-go@v0.36.0
  k8s.io/klog/v2@v2.140.0
  k8s.io/kube-openapi@v0.0.0-20260317180543-43fb72c5454a
  k8s.io/utils@v0.0.0-20260210185600-b8788abfbbc2
  sigs.k8s.io/json@v0.0.0-20250730193827-2d320260d730
  sigs.k8s.io/randfill@v1.0.0
  sigs.k8s.io/structured-merge-diff/v6@v6.3.2
  sigs.k8s.io/yaml@v1.6.0

No vulnerabilities found.
test "$(go version -m /home/ubuntu/workspace/ani-network-service-runs/net05a-20260910T085304Z-3a592e95/source/.tools/bin/gitleaks | awk '$1 == "mod" {print $2 "@" $3; exit}')" = "github.com/zricethezav/gitleaks/v8@v8.30.1"
/home/ubuntu/workspace/ani-network-service-runs/net05a-20260910T085304Z-3a592e95/source/.tools/bin/gitleaks git --no-banner --no-color --redact --log-opts="--all" .
4:53PM INF 1 commits scanned.
4:53PM INF scanned ~6665099 bytes (6.67 MB) in 11.1s
4:53PM INF no leaks found
test "$(/home/ubuntu/workspace/ani-network-service-runs/net05a-20260910T085304Z-3a592e95/source/.tools/bin/cyclonedx-gomod version | awk -F '\t' '$1 == "Version:" {print $2}')" = "v1.12.0"
test "$(go version -m /home/ubuntu/workspace/ani-network-service-runs/net05a-20260910T085304Z-3a592e95/source/.tools/bin/cyclonedx-gomod | awk '$1 == "mod" {print $2 "@" $3; exit}')" = "github.com/CycloneDX/cyclonedx-gomod@v1.12.0"
./scripts/generate-sbom /home/ubuntu/workspace/ani-network-service-runs/net05a-20260910T085304Z-3a592e95/source/.tools/bin/cyclonedx-gomod
[90m4:53PM[0m [33mWRN[0m [1mno licenses detected[0m [36mmodule=[0mgithub.com/zhangzhe-ctrl/ani-network-service@v0.0.0-20000101000000-326a9d1ccea3
generated /home/ubuntu/workspace/ani-network-service-runs/net05a-20260910T085304Z-3a592e95/source/docs/scaffold/bom.cdx.json from repository commit 37a9956f14aaeaf20819a7f2f67c4e57e435f480, source snapshot 326a9d1ccea330aee3595044836c665f696abc35, tool SHA-256 dc7031a1f097ffa92660275e360c5a7e8c8511313403b3caa000e7ca0845f653
./scripts/verify-supply-chain
supply-chain evidence verified: components=60 notice_sha256=3b44929bdd575a570c42165d4fd4eac57a5055745d2ecf3f121aa6a084cf9230 license_review=not-present
