nal/router.listSandboxSecurityEvents (num=11 handlers)
2026/09/10 03:18:05.499764 engine.go:668: [Debug] HERTZ: Method=GET    absolutePath=/api/v1/svc/sandboxes/:sandbox_id/security-overview --> handlerName=github.com/kubercloud/ani/services/ani-gateway/internal/router.getSandboxSecurityOverview (num=11 handlers)
2026/09/10 03:18:05.499773 engine.go:668: [Debug] HERTZ: Method=GET    absolutePath=/api/v1/svc/tenant/members --> handlerName=github.com/kubercloud/ani/services/ani-gateway/internal/router.listTenantMembers (num=11 handlers)
2026/09/10 03:18:05.499777 engine.go:668: [Debug] HERTZ: Method=POST   absolutePath=/api/v1/svc/tenant/members --> handlerName=github.com/kubercloud/ani/services/ani-gateway/internal/router.inviteTenantMember (num=11 handlers)
2026/09/10 03:18:05.499781 engine.go:668: [Debug] HERTZ: Method=DELETE absolutePath=/api/v1/svc/tenant/members/:member_id --> handlerName=github.com/kubercloud/ani/services/ani-gateway/internal/router.removeTenantMember (num=11 handlers)
2026/09/10 03:18:05.499785 engine.go:668: [Debug] HERTZ: Method=GET    absolutePath=/api/v1/svc/tenant/roles  --> handlerName=github.com/kubercloud/ani/services/ani-gateway/internal/router.listTenantRoles (num=11 handlers)
2026/09/10 03:18:05.499792 engine.go:668: [Debug] HERTZ: Method=GET    absolutePath=/api/v1/svc/tenant/sso    --> handlerName=github.com/kubercloud/ani/services/ani-gateway/internal/router.getTenantSSO (num=11 handlers)
2026/09/10 03:18:05.499797 engine.go:668: [Debug] HERTZ: Method=PUT    absolutePath=/api/v1/svc/tenant/sso    --> handlerName=github.com/kubercloud/ani/services/ani-gateway/internal/router.updateTenantSSO (num=11 handlers)
2026/09/10 03:18:05.499801 engine.go:668: [Debug] HERTZ: Method=GET    absolutePath=/api/v1/svc/tenant/webhooks --> handlerName=github.com/kubercloud/ani/services/ani-gateway/internal/router.listTenantWebhooks (num=11 handlers)
2026/09/10 03:18:05.499808 engine.go:668: [Debug] HERTZ: Method=POST   absolutePath=/api/v1/svc/tenant/webhooks --> handlerName=github.com/kubercloud/ani/services/ani-gateway/internal/router.createTenantWebhook (num=11 handlers)
2026/09/10 03:18:05.499817 engine.go:668: [Debug] HERTZ: Method=DELETE absolutePath=/api/v1/svc/tenant/webhooks/:webhook_id --> handlerName=github.com/kubercloud/ani/services/ani-gateway/internal/router.deleteTenantWebhook (num=11 handlers)
2026/09/10 03:18:05.499882 engine.go:668: [Debug] HERTZ: Method=POST   absolutePath=/api/v1/svc/tenant-plans  --> handlerName=github.com/kubercloud/ani/services/ani-gateway/internal/router.(*tenantPlansAPI).createTenantPlan-fm (num=11 handlers)
2026/09/10 03:18:05.499898 engine.go:668: [Debug] HERTZ: Method=GET    absolutePath=/api/v1/svc/tenant-plans  --> handlerName=github.com/kubercloud/ani/services/ani-gateway/internal/router.(*tenantPlansAPI).listTenantPlans-fm (num=11 handlers)
2026/09/10 03:18:05.499906 engine.go:668: [Debug] HERTZ: Method=GET    absolutePath=/api/v1/svc/quota-meta    --> handlerName=github.com/kubercloud/ani/services/ani-gateway/internal/router.(*tenantPlansAPI).listQuotaMeta-fm (num=11 handlers)
2026/09/10 03:18:05.499910 engine.go:668: [Debug] HERTZ: Method=GET    absolutePath=/api/v1/svc/tenant-plans/:planId --> handlerName=github.com/kubercloud/ani/services/ani-gateway/internal/router.(*tenantPlansAPI).getTenantPlan-fm (num=11 handlers)
2026/09/10 03:18:05.499914 engine.go:668: [Debug] HERTZ: Method=PUT    absolutePath=/api/v1/svc/tenant-plans/:planId --> handlerName=github.com/kubercloud/ani/services/ani-gateway/internal/router.(*tenantPlansAPI).updateTenantPlan-fm (num=11 handlers)
2026/09/10 03:18:05.499922 engine.go:668: [Debug] HERTZ: Method=PUT    absolutePath=/api/v1/svc/tenant-plans/:planId/quota-limits --> handlerName=github.com/kubercloud/ani/services/ani-gateway/internal/router.(*tenantPlansAPI).updateTenantPlanQuotaLimits-fm (num=11 handlers)
2026/09/10 03:18:05.499927 engine.go:668: [Debug] HERTZ: Method=POST   absolutePath=/api/v1/svc/tenant-plans/:planId/activate --> handlerName=github.com/kubercloud/ani/services/ani-gateway/internal/router.(*tenantPlansAPI).activateTenantPlan-fm (num=11 handlers)
2026/09/10 03:18:05.499932 engine.go:668: [Debug] HERTZ: Method=POST   absolutePath=/api/v1/svc/tenant-plans/:planId/disable --> handlerName=github.com/kubercloud/ani/services/ani-gateway/internal/router.(*tenantPlansAPI).disableTenantPlan-fm (num=11 handlers)
2026/09/10 03:18:05.499940 engine.go:668: [Debug] HERTZ: Method=GET    absolutePath=/api/v1/svc/tenant-plans/:planId/quota-limits --> handlerName=github.com/kubercloud/ani/services/ani-gateway/internal/router.(*tenantPlansAPI).getTenantPlanQuotaLimits-fm (num=11 handlers)
2026/09/10 03:18:05.499951 engine.go:668: [Debug] HERTZ: Method=GET    absolutePath=/api/v1/svc/tenant-plans/:planId/tenants --> handlerName=github.com/kubercloud/ani/services/ani-gateway/internal/router.(*tenantPlansAPI).listTenantPlanBoundTenants-fm (num=11 handlers)
2026/09/10 03:18:05.499961 engine.go:668: [Debug] HERTZ: Method=GET    absolutePath=/api/v1/svc/tenant-plans/:planId/bindable-tenants --> handlerName=github.com/kubercloud/ani/services/ani-gateway/internal/router.(*tenantPlansAPI).listBindableTenants-fm (num=11 handlers)
2026/09/10 03:18:05.499966 engine.go:668: [Debug] HERTZ: Method=GET    absolutePath=/api/v1/svc/tenant-plans/:planId/audit-logs --> handlerName=github.com/kubercloud/ani/services/ani-gateway/internal/router.(*tenantPlansAPI).listTenantPlanAuditLogs-fm (num=11 handlers)
2026/09/10 03:18:05.499973 engine.go:668: [Debug] HERTZ: Method=DELETE absolutePath=/api/v1/svc/tenant-plans/:planId --> handlerName=github.com/kubercloud/ani/services/ani-gateway/internal/router.(*tenantPlansAPI).deleteTenantPlan-fm (num=11 handlers)
2026/09/10 03:18:05.499978 engine.go:668: [Debug] HERTZ: Method=POST   absolutePath=/api/v1/svc/tenants/:tenantId/plan --> handlerName=github.com/kubercloud/ani/services/ani-gateway/internal/router.(*tenantPlansAPI).bindPlanQuota-fm (num=11 handlers)
2026/09/10 03:18:05.500016 engine.go:668: [Debug] HERTZ: Method=GET    absolutePath=/api/v1/svc/tenants/available-plans --> handlerName=github.com/kubercloud/ani/services/ani-gateway/internal/router.(*tenantListAPI).listAvailablePlans-fm (num=11 handlers)
2026/09/10 03:18:05.500021 engine.go:668: [Debug] HERTZ: Method=GET    absolutePath=/api/v1/svc/tenants       --> handlerName=github.com/kubercloud/ani/services/ani-gateway/internal/router.(*tenantListAPI).listTenants-fm (num=11 handlers)
2026/09/10 03:18:05.500028 engine.go:668: [Debug] HERTZ: Method=POST   absolutePath=/api/v1/svc/tenants       --> handlerName=github.com/kubercloud/ani/services/ani-gateway/internal/router.(*tenantListAPI).createTenant-fm (num=11 handlers)
2026/09/10 03:18:05.500032 engine.go:668: [Debug] HERTZ: Method=GET    absolutePath=/api/v1/svc/tenants/:tenantId --> handlerName=github.com/kubercloud/ani/services/ani-gateway/internal/router.(*tenantListAPI).getTenantDetail-fm (num=11 handlers)
2026/09/10 03:18:05.500037 engine.go:668: [Debug] HERTZ: Method=PUT    absolutePath=/api/v1/svc/tenants/:tenantId --> handlerName=github.com/kubercloud/ani/services/ani-gateway/internal/router.(*tenantListAPI).updateTenant-fm (num=11 handlers)
2026/09/10 03:18:05.500044 engine.go:668: [Debug] HERTZ: Method=POST   absolutePath=/api/v1/svc/tenants/:tenantId/freeze --> handlerName=github.com/kubercloud/ani/services/ani-gateway/internal/router.(*tenantListAPI).freezeTenant-fm (num=11 handlers)
2026/09/10 03:18:05.500049 engine.go:668: [Debug] HERTZ: Method=POST   absolutePath=/api/v1/svc/tenants/:tenantId/unfreeze --> handlerName=github.com/kubercloud/ani/services/ani-gateway/internal/router.(*tenantListAPI).unfreezeTenant-fm (num=11 handlers)
2026/09/10 03:18:05.500058 engine.go:668: [Debug] HERTZ: Method=POST   absolutePath=/api/v1/svc/tenants/:tenantId/disable --> handlerName=github.com/kubercloud/ani/services/ani-gateway/internal/router.(*tenantListAPI).disableTenant-fm (num=11 handlers)
2026/09/10 03:18:05.500065 engine.go:668: [Debug] HERTZ: Method=GET    absolutePath=/api/v1/svc/tenants/:tenantId/auth/sso --> handlerName=github.com/kubercloud/ani/services/ani-gateway/internal/router.(*tenantListAPI).getTenantAuth-fm (num=11 handlers)
2026/09/10 03:18:05.500070 engine.go:668: [Debug] HERTZ: Method=PUT    absolutePath=/api/v1/svc/tenants/:tenantId/auth/sso --> handlerName=github.com/kubercloud/ani/services/ani-gateway/internal/router.(*tenantListAPI).updateTenantSso-fm (num=11 handlers)
2026/09/10 03:18:05.500074 engine.go:668: [Debug] HERTZ: Method=POST   absolutePath=/api/v1/svc/tenants/:tenantId/auth/sso/test --> handlerName=github.com/kubercloud/ani/services/ani-gateway/internal/router.(*tenantListAPI).testTenantSso-fm (num=11 handlers)
2026/09/10 03:18:05.500086 engine.go:668: [Debug] HERTZ: Method=PUT    absolutePath=/api/v1/svc/tenants/:tenantId/auth/mfa --> handlerName=github.com/kubercloud/ani/services/ani-gateway/internal/router.(*tenantListAPI).updateTenantMfa-fm (num=11 handlers)
2026/09/10 03:18:05.500093 engine.go:668: [Debug] HERTZ: Method=GET    absolutePath=/api/v1/svc/tenants/:tenantId/quota --> handlerName=github.com/kubercloud/ani/services/ani-gateway/internal/router.(*tenantListAPI).getTenantQuota-fm (num=11 handlers)
2026/09/10 03:18:05.500097 engine.go:668: [Debug] HERTZ: Method=GET    absolutePath=/api/v1/svc/tenants/:tenantId/quota-requests --> handlerName=github.com/kubercloud/ani/services/ani-gateway/internal/router.(*tenantListAPI).listQuotaChangeRequests-fm (num=11 handlers)
2026/09/10 03:18:05.500101 engine.go:668: [Debug] HERTZ: Method=POST   absolutePath=/api/v1/svc/tenants/:tenantId/quota-requests --> handlerName=github.com/kubercloud/ani/services/ani-gateway/internal/router.(*tenantListAPI).submitQuotaChangeRequest-fm (num=11 handlers)
2026/09/10 03:18:05.500108 engine.go:668: [Debug] HERTZ: Method=POST   absolutePath=/api/v1/svc/tenants/:tenantId/quota-requests/:reqId/approve --> handlerName=github.com/kubercloud/ani/services/ani-gateway/internal/router.(*tenantListAPI).reviewQuotaChangeRequest-fm (num=11 handlers)
2026/09/10 03:18:05.500113 engine.go:668: [Debug] HERTZ: Method=GET    absolutePath=/api/v1/svc/tenants/:tenantId/lifecycle --> handlerName=github.com/kubercloud/ani/services/ani-gateway/internal/router.(*tenantListAPI).listTenantLifecycle-fm (num=11 handlers)
2026/09/10 03:18:05.500123 engine.go:668: [Debug] HERTZ: Method=GET    absolutePath=/api/v1/svc/tenants/:tenantId/audit-logs --> handlerName=github.com/kubercloud/ani/services/ani-gateway/internal/router.(*tenantListAPI).listTenantAuditLogs-fm (num=11 handlers)
2026/09/10 03:18:05.500130 engine.go:668: [Debug] HERTZ: Method=GET    absolutePath=/api/v1/svc/tenants/:tenantId/admins --> handlerName=github.com/kubercloud/ani/services/ani-gateway/internal/router.(*tenantListAPI).listTenantAdmins-fm (num=11 handlers)
2026/09/10 03:18:05.500198 engine.go:668: [Debug] HERTZ: Method=GET    absolutePath=/api/v1/svc/tenant-admins/tenants --> handlerName=github.com/kubercloud/ani/services/ani-gateway/internal/router.(*tenantAdminAPI).listAvailableTenants-fm (num=11 handlers)
2026/09/10 03:18:05.500208 engine.go:668: [Debug] HERTZ: Method=GET    absolutePath=/api/v1/svc/tenants/:tenantId/roles --> handlerName=github.com/kubercloud/ani/services/ani-gateway/internal/router.(*tenantAdminAPI).listTenantRoles-fm (num=11 handlers)
2026/09/10 03:18:05.500212 engine.go:668: [Debug] HERTZ: Method=GET    absolutePath=/api/v1/svc/tenant-admins --> handlerName=github.com/kubercloud/ani/services/ani-gateway/internal/router.(*tenantAdminAPI).listAllTenantAdmins-fm (num=11 handlers)
2026/09/10 03:18:05.500219 engine.go:668: [Debug] HERTZ: Method=GET    absolutePath=/api/v1/svc/tenants/:tenantId/admins/:userId --> handlerName=github.com/kubercloud/ani/services/ani-gateway/internal/router.(*tenantAdminAPI).getTenantAdminDetail-fm (num=11 handlers)
2026/09/10 03:18:05.500224 engine.go:668: [Debug] HERTZ: Method=GET    absolutePath=/api/v1/svc/tenants/:tenantId/admins/:userId/audit-logs --> handlerName=github.com/kubercloud/ani/services/ani-gateway/internal/router.(*tenantAdminAPI).listTenantAdminAuditLogs-fm (num=11 handlers)
2026/09/10 03:18:05.500229 engine.go:668: [Debug] HERTZ: Method=POST   absolutePath=/api/v1/svc/tenants/:tenantId/admins/invite --> handlerName=github.com/kubercloud/ani/services/ani-gateway/internal/router.(*tenantAdminAPI).inviteTenantAdmin-fm (num=11 handlers)
2026/09/10 03:18:05.500236 engine.go:668: [Debug] HERTZ: Method=POST   absolutePath=/api/v1/svc/tenants/:tenantId/admins/:userId/invitation/resend --> handlerName=github.com/kubercloud/ani/services/ani-gateway/internal/router.(*tenantAdminAPI).resendTenantAdminInvitation-fm (num=11 handlers)
2026/09/10 03:18:05.500247 engine.go:668: [Debug] HERTZ: Method=PUT    absolutePath=/api/v1/svc/tenants/:tenantId/admins/:userId/role --> handlerName=github.com/kubercloud/ani/services/ani-gateway/internal/router.(*tenantAdminAPI).updateTenantAdminRole-fm (num=11 handlers)
2026/09/10 03:18:05.500252 engine.go:668: [Debug] HERTZ: Method=GET    absolutePath=/api/v1/svc/tenants/:tenantId/admins/:userId/role --> handlerName=github.com/kubercloud/ani/services/ani-gateway/internal/router.(*tenantAdminAPI).getTenantAdminRole-fm (num=11 handlers)
2026/09/10 03:18:05.500260 engine.go:668: [Debug] HERTZ: Method=POST   absolutePath=/api/v1/svc/tenants/:tenantId/admins/:userId/reset-password --> handlerName=github.com/kubercloud/ani/services/ani-gateway/internal/router.(*tenantAdminAPI).resetTenantAdminPassword-fm (num=11 handlers)
2026/09/10 03:18:05.500265 engine.go:668: [Debug] HERTZ: Method=POST   absolutePath=/api/v1/svc/tenants/:tenantId/admins/:userId/disable --> handlerName=github.com/kubercloud/ani/services/ani-gateway/internal/router.(*tenantAdminAPI).disableTenantAdmin-fm (num=11 handlers)
2026/09/10 03:18:05.500270 engine.go:668: [Debug] HERTZ: Method=POST   absolutePath=/api/v1/svc/tenants/:tenantId/admins/:userId/enable --> handlerName=github.com/kubercloud/ani/services/ani-gateway/internal/router.(*tenantAdminAPI).enableTenantAdmin-fm (num=11 handlers)
2026/09/10 03:18:05.500277 engine.go:668: [Debug] HERTZ: Method=DELETE absolutePath=/api/v1/svc/tenants/:tenantId/admins/:userId --> handlerName=github.com/kubercloud/ani/services/ani-gateway/internal/router.(*tenantAdminAPI).deleteTenantAdmin-fm (num=11 handlers)
2026/09/10 03:18:05.500283 engine.go:668: [Debug] HERTZ: Method=POST   absolutePath=/v1/chat/completions      --> handlerName=github.com/kubercloud/ani/services/ani-gateway/internal/router.inferenceProxy (num=11 handlers)
2026/09/10 03:18:05.500288 engine.go:668: [Debug] HERTZ: Method=GET    absolutePath=/v1/inference/stream      --> handlerName=github.com/kubercloud/ani/services/ani-gateway/internal/router.inferenceProxy (num=11 handlers)
2026/09/10 03:18:05.501347 engine.go:396: [Info] HERTZ: Using network library=netpoll
2026/09/10 03:18:05.501457 transport.go:115: [Info] HERTZ: HTTP server listening on address=[::]:55401
