orks/vpcs","status":201,"latency_ms":0,"request_id":"req_91048aa2-1058-4446-8851-fab5cbc9d79c","tenant_id":"fd39ecf7-ac0c-4540-9fbd-4ba08486f30f","user_id":"b6b681d5-f45c-4c36-af1c-3aa26381841d"}
{"time":"2026-09-10T07:12:30.742033099Z","level":"INFO","msg":"http request","method":"GET","path":"/api/v1/networks/vpcs/vpc_113bed50b94e408bb1f94b16868980bf","status":200,"latency_ms":6,"request_id":"req_2d5ef206-f05c-4956-b465-41a6c90f0e0e","tenant_id":"fd39ecf7-ac0c-4540-9fbd-4ba08486f30f","user_id":"b6b681d5-f45c-4c36-af1c-3aa26381841d"}
2026/09/10 06:58:43.140880 engine.go:668: [Debug] HERTZ: Method=POST   absolutePath=/api/v1/svc/tenant/members --> handlerName=github.com/kubercloud/ani/services/ani-gateway/internal/router.inviteTenantMember (num=11 handlers)
2026/09/10 06:58:43.140884 engine.go:668: [Debug] HERTZ: Method=DELETE absolutePath=/api/v1/svc/tenant/members/:member_id --> handlerName=github.com/kubercloud/ani/services/ani-gateway/internal/router.removeTenantMember (num=11 handlers)
2026/09/10 06:58:43.140889 engine.go:668: [Debug] HERTZ: Method=GET    absolutePath=/api/v1/svc/tenant/roles  --> handlerName=github.com/kubercloud/ani/services/ani-gateway/internal/router.listTenantRoles (num=11 handlers)
2026/09/10 06:58:43.140894 engine.go:668: [Debug] HERTZ: Method=GET    absolutePath=/api/v1/svc/tenant/sso    --> handlerName=github.com/kubercloud/ani/services/ani-gateway/internal/router.getTenantSSO (num=11 handlers)
2026/09/10 06:58:43.140898 engine.go:668: [Debug] HERTZ: Method=PUT    absolutePath=/api/v1/svc/tenant/sso    --> handlerName=github.com/kubercloud/ani/services/ani-gateway/internal/router.updateTenantSSO (num=11 handlers)
2026/09/10 06:58:43.140902 engine.go:668: [Debug] HERTZ: Method=GET    absolutePath=/api/v1/svc/tenant/webhooks --> handlerName=github.com/kubercloud/ani/services/ani-gateway/internal/router.listTenantWebhooks (num=11 handlers)
2026/09/10 06:58:43.140909 engine.go:668: [Debug] HERTZ: Method=POST   absolutePath=/api/v1/svc/tenant/webhooks --> handlerName=github.com/kubercloud/ani/services/ani-gateway/internal/router.createTenantWebhook (num=11 handlers)
2026/09/10 06:58:43.140917 engine.go:668: [Debug] HERTZ: Method=DELETE absolutePath=/api/v1/svc/tenant/webhooks/:webhook_id --> handlerName=github.com/kubercloud/ani/services/ani-gateway/internal/router.deleteTenantWebhook (num=11 handlers)
2026/09/10 06:58:43.140983 engine.go:668: [Debug] HERTZ: Method=POST   absolutePath=/api/v1/svc/tenant-plans  --> handlerName=github.com/kubercloud/ani/services/ani-gateway/internal/router.(*tenantPlansAPI).createTenantPlan-fm (num=11 handlers)
2026/09/10 06:58:43.140990 engine.go:668: [Debug] HERTZ: Method=GET    absolutePath=/api/v1/svc/tenant-plans  --> handlerName=github.com/kubercloud/ani/services/ani-gateway/internal/router.(*tenantPlansAPI).listTenantPlans-fm (num=11 handlers)
2026/09/10 06:58:43.140994 engine.go:668: [Debug] HERTZ: Method=GET    absolutePath=/api/v1/svc/quota-meta    --> handlerName=github.com/kubercloud/ani/services/ani-gateway/internal/router.(*tenantPlansAPI).listQuotaMeta-fm (num=11 handlers)
2026/09/10 06:58:43.140998 engine.go:668: [Debug] HERTZ: Method=GET    absolutePath=/api/v1/svc/tenant-plans/:planId --> handlerName=github.com/kubercloud/ani/services/ani-gateway/internal/router.(*tenantPlansAPI).getTenantPlan-fm (num=11 handlers)
2026/09/10 06:58:43.141009 engine.go:668: [Debug] HERTZ: Method=PUT    absolutePath=/api/v1/svc/tenant-plans/:planId --> handlerName=github.com/kubercloud/ani/services/ani-gateway/internal/router.(*tenantPlansAPI).updateTenantPlan-fm (num=11 handlers)
2026/09/10 06:58:43.141014 engine.go:668: [Debug] HERTZ: Method=PUT    absolutePath=/api/v1/svc/tenant-plans/:planId/quota-limits --> handlerName=github.com/kubercloud/ani/services/ani-gateway/internal/router.(*tenantPlansAPI).updateTenantPlanQuotaLimits-fm (num=11 handlers)
2026/09/10 06:58:43.141019 engine.go:668: [Debug] HERTZ: Method=POST   absolutePath=/api/v1/svc/tenant-plans/:planId/activate --> handlerName=github.com/kubercloud/ani/services/ani-gateway/internal/router.(*tenantPlansAPI).activateTenantPlan-fm (num=11 handlers)
2026/09/10 06:58:43.141027 engine.go:668: [Debug] HERTZ: Method=POST   absolutePath=/api/v1/svc/tenant-plans/:planId/disable --> handlerName=github.com/kubercloud/ani/services/ani-gateway/internal/router.(*tenantPlansAPI).disableTenantPlan-fm (num=11 handlers)
2026/09/10 06:58:43.141031 engine.go:668: [Debug] HERTZ: Method=GET    absolutePath=/api/v1/svc/tenant-plans/:planId/quota-limits --> handlerName=github.com/kubercloud/ani/services/ani-gateway/internal/router.(*tenantPlansAPI).getTenantPlanQuotaLimits-fm (num=11 handlers)
2026/09/10 06:58:43.141035 engine.go:668: [Debug] HERTZ: Method=GET    absolutePath=/api/v1/svc/tenant-plans/:planId/tenants --> handlerName=github.com/kubercloud/ani/services/ani-gateway/internal/router.(*tenantPlansAPI).listTenantPlanBoundTenants-fm (num=11 handlers)
2026/09/10 06:58:43.141039 engine.go:668: [Debug] HERTZ: Method=GET    absolutePath=/api/v1/svc/tenant-plans/:planId/bindable-tenants --> handlerName=github.com/kubercloud/ani/services/ani-gateway/internal/router.(*tenantPlansAPI).listBindableTenants-fm (num=11 handlers)
2026/09/10 06:58:43.141044 engine.go:668: [Debug] HERTZ: Method=GET    absolutePath=/api/v1/svc/tenant-plans/:planId/audit-logs --> handlerName=github.com/kubercloud/ani/services/ani-gateway/internal/router.(*tenantPlansAPI).listTenantPlanAuditLogs-fm (num=11 handlers)
2026/09/10 06:58:43.141047 engine.go:668: [Debug] HERTZ: Method=DELETE absolutePath=/api/v1/svc/tenant-plans/:planId --> handlerName=github.com/kubercloud/ani/services/ani-gateway/internal/router.(*tenantPlansAPI).deleteTenantPlan-fm (num=11 handlers)
2026/09/10 06:58:43.141052 engine.go:668: [Debug] HERTZ: Method=POST   absolutePath=/api/v1/svc/tenants/:tenantId/plan --> handlerName=github.com/kubercloud/ani/services/ani-gateway/internal/router.(*tenantPlansAPI).bindPlanQuota-fm (num=11 handlers)
2026/09/10 06:58:43.141081 engine.go:668: [Debug] HERTZ: Method=GET    absolutePath=/api/v1/svc/tenants/available-plans --> handlerName=github.com/kubercloud/ani/services/ani-gateway/internal/router.(*tenantListAPI).listAvailablePlans-fm (num=11 handlers)
2026/09/10 06:58:43.141084 engine.go:668: [Debug] HERTZ: Method=GET    absolutePath=/api/v1/svc/tenants       --> handlerName=github.com/kubercloud/ani/services/ani-gateway/internal/router.(*tenantListAPI).listTenants-fm (num=11 handlers)
2026/09/10 06:58:43.141088 engine.go:668: [Debug] HERTZ: Method=POST   absolutePath=/api/v1/svc/tenants       --> handlerName=github.com/kubercloud/ani/services/ani-gateway/internal/router.(*tenantListAPI).createTenant-fm (num=11 handlers)
2026/09/10 06:58:43.141091 engine.go:668: [Debug] HERTZ: Method=GET    absolutePath=/api/v1/svc/tenants/:tenantId --> handlerName=github.com/kubercloud/ani/services/ani-gateway/internal/router.(*tenantListAPI).getTenantDetail-fm (num=11 handlers)
2026/09/10 06:58:43.141095 engine.go:668: [Debug] HERTZ: Method=PUT    absolutePath=/api/v1/svc/tenants/:tenantId --> handlerName=github.com/kubercloud/ani/services/ani-gateway/internal/router.(*tenantListAPI).updateTenant-fm (num=11 handlers)
2026/09/10 06:58:43.141099 engine.go:668: [Debug] HERTZ: Method=POST   absolutePath=/api/v1/svc/tenants/:tenantId/freeze --> handlerName=github.com/kubercloud/ani/services/ani-gateway/internal/router.(*tenantListAPI).freezeTenant-fm (num=11 handlers)
2026/09/10 06:58:43.141104 engine.go:668: [Debug] HERTZ: Method=POST   absolutePath=/api/v1/svc/tenants/:tenantId/unfreeze --> handlerName=github.com/kubercloud/ani/services/ani-gateway/internal/router.(*tenantListAPI).unfreezeTenant-fm (num=11 handlers)
2026/09/10 06:58:43.141112 engine.go:668: [Debug] HERTZ: Method=POST   absolutePath=/api/v1/svc/tenants/:tenantId/disable --> handlerName=github.com/kubercloud/ani/services/ani-gateway/internal/router.(*tenantListAPI).disableTenant-fm (num=11 handlers)
2026/09/10 06:58:43.141116 engine.go:668: [Debug] HERTZ: Method=GET    absolutePath=/api/v1/svc/tenants/:tenantId/auth/sso --> handlerName=github.com/kubercloud/ani/services/ani-gateway/internal/router.(*tenantListAPI).getTenantAuth-fm (num=11 handlers)
2026/09/10 06:58:43.141121 engine.go:668: [Debug] HERTZ: Method=PUT    absolutePath=/api/v1/svc/tenants/:tenantId/auth/sso --> handlerName=github.com/kubercloud/ani/services/ani-gateway/internal/router.(*tenantListAPI).updateTenantSso-fm (num=11 handlers)
2026/09/10 06:58:43.141129 engine.go:668: [Debug] HERTZ: Method=POST   absolutePath=/api/v1/svc/tenants/:tenantId/auth/sso/test --> handlerName=github.com/kubercloud/ani/services/ani-gateway/internal/router.(*tenantListAPI).testTenantSso-fm (num=11 handlers)
2026/09/10 06:58:43.141133 engine.go:668: [Debug] HERTZ: Method=PUT    absolutePath=/api/v1/svc/tenants/:tenantId/auth/mfa --> handlerName=github.com/kubercloud/ani/services/ani-gateway/internal/router.(*tenantListAPI).updateTenantMfa-fm (num=11 handlers)
2026/09/10 06:58:43.141137 engine.go:668: [Debug] HERTZ: Method=GET    absolutePath=/api/v1/svc/tenants/:tenantId/quota --> handlerName=github.com/kubercloud/ani/services/ani-gateway/internal/router.(*tenantListAPI).getTenantQuota-fm (num=11 handlers)
2026/09/10 06:58:43.141141 engine.go:668: [Debug] HERTZ: Method=GET    absolutePath=/api/v1/svc/tenants/:tenantId/quota-requests --> handlerName=github.com/kubercloud/ani/services/ani-gateway/internal/router.(*tenantListAPI).listQuotaChangeRequests-fm (num=11 handlers)
2026/09/10 06:58:43.141145 engine.go:668: [Debug] HERTZ: Method=POST   absolutePath=/api/v1/svc/tenants/:tenantId/quota-requests --> handlerName=github.com/kubercloud/ani/services/ani-gateway/internal/router.(*tenantListAPI).submitQuotaChangeRequest-fm (num=11 handlers)
2026/09/10 06:58:43.141150 engine.go:668: [Debug] HERTZ: Method=POST   absolutePath=/api/v1/svc/tenants/:tenantId/quota-requests/:reqId/approve --> handlerName=github.com/kubercloud/ani/services/ani-gateway/internal/router.(*tenantListAPI).reviewQuotaChangeRequest-fm (num=11 handlers)
2026/09/10 06:58:43.141154 engine.go:668: [Debug] HERTZ: Method=GET    absolutePath=/api/v1/svc/tenants/:tenantId/lifecycle --> handlerName=github.com/kubercloud/ani/services/ani-gateway/internal/router.(*tenantListAPI).listTenantLifecycle-fm (num=11 handlers)
2026/09/10 06:58:43.141163 engine.go:668: [Debug] HERTZ: Method=GET    absolutePath=/api/v1/svc/tenants/:tenantId/audit-logs --> handlerName=github.com/kubercloud/ani/services/ani-gateway/internal/router.(*tenantListAPI).listTenantAuditLogs-fm (num=11 handlers)
2026/09/10 06:58:43.141167 engine.go:668: [Debug] HERTZ: Method=GET    absolutePath=/api/v1/svc/tenants/:tenantId/admins --> handlerName=github.com/kubercloud/ani/services/ani-gateway/internal/router.(*tenantListAPI).listTenantAdmins-fm (num=11 handlers)
2026/09/10 06:58:43.141214 engine.go:668: [Debug] HERTZ: Method=GET    absolutePath=/api/v1/svc/tenant-admins/tenants --> handlerName=github.com/kubercloud/ani/services/ani-gateway/internal/router.(*tenantAdminAPI).listAvailableTenants-fm (num=11 handlers)
2026/09/10 06:58:43.141221 engine.go:668: [Debug] HERTZ: Method=GET    absolutePath=/api/v1/svc/tenants/:tenantId/roles --> handlerName=github.com/kubercloud/ani/services/ani-gateway/internal/router.(*tenantAdminAPI).listTenantRoles-fm (num=11 handlers)
2026/09/10 06:58:43.141225 engine.go:668: [Debug] HERTZ: Method=GET    absolutePath=/api/v1/svc/tenant-admins --> handlerName=github.com/kubercloud/ani/services/ani-gateway/internal/router.(*tenantAdminAPI).listAllTenantAdmins-fm (num=11 handlers)
2026/09/10 06:58:43.141228 engine.go:668: [Debug] HERTZ: Method=GET    absolutePath=/api/v1/svc/tenants/:tenantId/admins/:userId --> handlerName=github.com/kubercloud/ani/services/ani-gateway/internal/router.(*tenantAdminAPI).getTenantAdminDetail-fm (num=11 handlers)
2026/09/10 06:58:43.141232 engine.go:668: [Debug] HERTZ: Method=GET    absolutePath=/api/v1/svc/tenants/:tenantId/admins/:userId/audit-logs --> handlerName=github.com/kubercloud/ani/services/ani-gateway/internal/router.(*tenantAdminAPI).listTenantAdminAuditLogs-fm (num=11 handlers)
2026/09/10 06:58:43.141238 engine.go:668: [Debug] HERTZ: Method=POST   absolutePath=/api/v1/svc/tenants/:tenantId/admins/invite --> handlerName=github.com/kubercloud/ani/services/ani-gateway/internal/router.(*tenantAdminAPI).inviteTenantAdmin-fm (num=11 handlers)
2026/09/10 06:58:43.141245 engine.go:668: [Debug] HERTZ: Method=POST   absolutePath=/api/v1/svc/tenants/:tenantId/admins/:userId/invitation/resend --> handlerName=github.com/kubercloud/ani/services/ani-gateway/internal/router.(*tenantAdminAPI).resendTenantAdminInvitation-fm (num=11 handlers)
2026/09/10 06:58:43.141255 engine.go:668: [Debug] HERTZ: Method=PUT    absolutePath=/api/v1/svc/tenants/:tenantId/admins/:userId/role --> handlerName=github.com/kubercloud/ani/services/ani-gateway/internal/router.(*tenantAdminAPI).updateTenantAdminRole-fm (num=11 handlers)
2026/09/10 06:58:43.141260 engine.go:668: [Debug] HERTZ: Method=GET    absolutePath=/api/v1/svc/tenants/:tenantId/admins/:userId/role --> handlerName=github.com/kubercloud/ani/services/ani-gateway/internal/router.(*tenantAdminAPI).getTenantAdminRole-fm (num=11 handlers)
2026/09/10 06:58:43.141264 engine.go:668: [Debug] HERTZ: Method=POST   absolutePath=/api/v1/svc/tenants/:tenantId/admins/:userId/reset-password --> handlerName=github.com/kubercloud/ani/services/ani-gateway/internal/router.(*tenantAdminAPI).resetTenantAdminPassword-fm (num=11 handlers)
2026/09/10 06:58:43.141269 engine.go:668: [Debug] HERTZ: Method=POST   absolutePath=/api/v1/svc/tenants/:tenantId/admins/:userId/disable --> handlerName=github.com/kubercloud/ani/services/ani-gateway/internal/router.(*tenantAdminAPI).disableTenantAdmin-fm (num=11 handlers)
2026/09/10 06:58:43.141273 engine.go:668: [Debug] HERTZ: Method=POST   absolutePath=/api/v1/svc/tenants/:tenantId/admins/:userId/enable --> handlerName=github.com/kubercloud/ani/services/ani-gateway/internal/router.(*tenantAdminAPI).enableTenantAdmin-fm (num=11 handlers)
2026/09/10 06:58:43.141277 engine.go:668: [Debug] HERTZ: Method=DELETE absolutePath=/api/v1/svc/tenants/:tenantId/admins/:userId --> handlerName=github.com/kubercloud/ani/services/ani-gateway/internal/router.(*tenantAdminAPI).deleteTenantAdmin-fm (num=11 handlers)
2026/09/10 06:58:43.141283 engine.go:668: [Debug] HERTZ: Method=POST   absolutePath=/v1/chat/completions      --> handlerName=github.com/kubercloud/ani/services/ani-gateway/internal/router.inferenceProxy (num=11 handlers)
2026/09/10 06:58:43.141294 engine.go:668: [Debug] HERTZ: Method=GET    absolutePath=/v1/inference/stream      --> handlerName=github.com/kubercloud/ani/services/ani-gateway/internal/router.inferenceProxy (num=11 handlers)
2026/09/10 06:58:43.141919 engine.go:396: [Info] HERTZ: Using network library=netpoll
2026/09/10 06:58:43.142016 transport.go:115: [Info] HERTZ: HTTP server listening on address=[::]:46703
